******************************************************************************
                  TI ARM Linker PC v20.2.2                     
******************************************************************************
>> Linked Sat Oct 14 13:44:31 2023

OUTPUT FILE NAME:   <BLUETOOTHYPWM.out>
ENTRY POINT SYMBOL: "_c_int00_noargs"  address: 00000fed


MEMORY CONFIGURATION

         name            origin    length      used     unused   attr    fill
----------------------  --------  ---------  --------  --------  ----  --------
  FLASH                 00000000   00040000  000013ca  0003ec36  R  X
  SRAM                  20000000   00008000  0000021d  00007de3  RW X


SEGMENT ALLOCATION MAP

run origin  load origin   length   init length attrs members
----------  ----------- ---------- ----------- ----- -------
00000000    00000000    000013d0   000013d0    r-x
  00000000    00000000    0000026c   0000026c    r-- .intvecs
  0000026c    0000026c    00000f7e   00000f7e    r-x .text
  000011ec    000011ec    000001a8   000001a8    r-- .const
  00001398    00001398    00000038   00000038    r-- .cinit
20000000    20000000    0000021d   00000000    rw-
  20000000    20000000    00000200   00000000    rw- .stack
  20000200    20000200    00000010   00000000    rw- .bss
  20000210    20000210    0000000d   00000000    rw- .data


SECTION ALLOCATION MAP

 output                                  attributes/
section   page    origin      length       input sections
--------  ----  ----------  ----------   ----------------
.intvecs   0    00000000    0000026c     
                  00000000    0000026c     tm4c123gh6pm_startup_ccs.obj (.intvecs)

.text      0    0000026c    00000f7e     
                  0000026c    0000075c     main.obj (.text)
                  000009c8    00000132     driverlib.lib : gpio.obj (.text:GPIOPadConfigSet)
                  00000afa    00000002     rtsv7M4_T_le_v4SPD16_eabi.lib : div0.asm.obj (.text)
                  00000afc    00000110     driverlib.lib : sysctl.obj (.text:SysCtlClockGet)
                  00000c0c    000000f4                   : sysctl.obj (.text:SysCtlClockSet)
                  00000d00    0000009c     rtsv7M4_T_le_v4SPD16_eabi.lib : memcpy_t2.asm.obj (.text)
                  00000d9c    00000068     driverlib.lib : interrupt.obj (.text:IntEnable)
                  00000e04    00000068     rtsv7M4_T_le_v4SPD16_eabi.lib : copy_decompress_lzss.c.obj (.text:decompress:lzss:__TI_decompress_lzss)
                  00000e6c    00000048     driverlib.lib : gpio.obj (.text:GPIOPinConfigure)
                  00000eb4    00000046                   : uart.obj (.text:UARTConfigSetExpClk)
                  00000efa    00000002     --HOLE-- [fill = 0]
                  00000efc    00000044     rtsv7M4_T_le_v4SPD16_eabi.lib : autoinit.c.obj (.text:__TI_auto_init_nobinit_nopinit:__TI_auto_init_nobinit_nopinit)
                  00000f40    00000040                                   : u_divt2.asm.obj (.text)
                  00000f80    00000038     driverlib.lib : sysctl.obj (.text:SysCtlPeripheralPresent)
                  00000fb8    00000034                   : sysctl.obj (.text:SysCtlPeripheralEnable)
                  00000fec    00000034     rtsv7M4_T_le_v4SPD16_eabi.lib : boot_cortex_m.c.obj (.text:_c_int00_noargs:_c_int00_noargs)
                  00001020    0000002a     driverlib.lib : gpio.obj (.text:GPIODirModeSet)
                  0000104a    00000022                   : pwm.obj (.text:PWMGenConfigure)
                  0000106c    00000020                   : uart.obj (.text:UARTDisable)
                  0000108c    0000001e                   : pwm.obj (.text:PWMPulseWidthSet)
                  000010aa    0000001c     rtsv7M4_T_le_v4SPD16_eabi.lib : copy_zero_init.c.obj (.text:decompress:ZI:__TI_zero_init_nomemset:__TI_zero_init_nomemset)
                  000010c6    00000018     driverlib.lib : gpio.obj (.text:GPIOPinTypeGPIOOutput)
                  000010de    00000002     --HOLE-- [fill = 0]
                  000010e0    00000014                   : sysctl.obj (.text:SysCtlPWMClockSet)
                  000010f4    00000014                   : uart.obj (.text:UARTEnable)
                  00001108    00000012                   : gpio.obj (.text:GPIOPinTypePWM)
                  0000111a    00000012                   : gpio.obj (.text:GPIOPinTypeUART)
                  0000112c    00000012                   : pwm.obj (.text:PWMOutputState)
                  0000113e    00000010                   : interrupt.obj (.text:IntMasterEnable)
                  0000114e    00000010                   : pwm.obj (.text:PWMGenPeriodSet)
                  0000115e    0000000e                   : uart.obj (.text:UARTCharGetNonBlocking)
                  0000116c    0000000e                   : uart.obj (.text:UARTCharsAvail)
                  0000117a    0000000e     rtsv7M4_T_le_v4SPD16_eabi.lib : copy_decompress_none.c.obj (.text:decompress:none:__TI_decompress_none)
                  00001188    0000000c     driverlib.lib : cpu.obj (.text:CPUcpsie)
                  00001194    0000000c                   : pwm.obj (.text:PWMGenEnable)
                  000011a0    0000000c     tm4c123gh6pm_startup_ccs.obj (.text)
                  000011ac    0000000a     driverlib.lib : uart.obj (.text:UARTCharGet)
                  000011b6    0000000a                   : uart.obj (.text:UARTCharPut)
                  000011c0    0000000a                   : uart.obj (.text:UARTIntStatus)
                  000011ca    00000008                   : uart.obj (.text:UARTIntEnable)
                  000011d2    00000006                   : gpio.obj (.text:GPIOPinWrite)
                  000011d8    00000006                   : sysctl.obj (.text:SysCtlDelay)
                  000011de    00000004                   : uart.obj (.text:UARTIntClear)
                  000011e2    00000004     rtsv7M4_T_le_v4SPD16_eabi.lib : pre_init.c.obj (.text:_system_pre_init)
                  000011e6    00000004                                   : exit.c.obj (.text:abort:abort)

.const     0    000011ec    000001a8     
                  000011ec    00000090     driverlib.lib : gpio.obj (.const:g_pui32GPIOBaseAddrs)
                  0000127c    00000070                   : interrupt.obj (.const)
                  000012ec    0000006c                   : sysctl.obj (.const:g_pui32Xtals)
                  00001358    00000020     main.obj (.const:.string)
                  00001378    0000000c     main.obj (.const:g_ui32UARTBase)
                  00001384    0000000c     main.obj (.const:g_ui32UARTPeriph)
                  00001390    00000004     main.obj (.const)

.cinit     0    00001398    00000038     
                  00001398    0000000d     (.cinit..data.load) [load image, compression = lzss]
                  000013a5    00000003     --HOLE-- [fill = 0]
                  000013a8    0000000c     (__TI_handler_table)
                  000013b4    00000004     --HOLE-- [fill = 0]
                  000013b8    00000008     (.cinit..bss.load) [load image, compression = zero_init]
                  000013c0    00000010     (__TI_cinit_table)

.init_array 
*          0    00000000    00000000     UNINITIALIZED

.bss       0    20000200    00000010     UNINITIALIZED
                  20000200    00000004     (.common:CARGA)
                  20000204    00000004     (.common:PWMCLOCK)
                  20000208    00000004     (.common:RX)
                  2000020c    00000004     (.common:ui32Status)

.data      0    20000210    0000000d     UNINITIALIZED
                  20000210    0000000d     main.obj (.data)

.stack     0    20000000    00000200     UNINITIALIZED
                  20000000    00000004     rtsv7M4_T_le_v4SPD16_eabi.lib : boot_cortex_m.c.obj (.stack)
                  20000004    000001fc     --HOLE--

__llvm_prf_cnts 
*          0    20000000    00000000     UNINITIALIZED

MODULE SUMMARY

       Module                         code   ro data   rw data
       ------                         ----   -------   -------
    .\
       main.obj                       1884   60        29     
       tm4c123gh6pm_startup_ccs.obj   12     620       0      
    +--+------------------------------+------+---------+---------+
       Total:                         1896   680       29     
                                                              
    ../driverlib.lib
       sysctl.obj                     650    108       0      
       gpio.obj                       486    144       0      
       interrupt.obj                  120    112       0      
       uart.obj                       192    0         0      
       pwm.obj                        110    0         0      
       cpu.obj                        12     0         0      
    +--+------------------------------+------+---------+---------+
       Total:                         1570   364       0      
                                                              
    C:\ti\ccs1020\ccs\tools\compiler\ti-cgt-arm_20.2.2.LTS\lib\rtsv7M4_T_le_v4SPD16_eabi.lib
       memcpy_t2.asm.obj              156    0         0      
       copy_decompress_lzss.c.obj     104    0         0      
       autoinit.c.obj                 68     0         0      
       u_divt2.asm.obj                64     0         0      
       boot_cortex_m.c.obj            52     0         0      
       copy_zero_init.c.obj           28     0         0      
       copy_decompress_none.c.obj     14     0         0      
       exit.c.obj                     4      0         0      
       pre_init.c.obj                 4      0         0      
       div0.asm.obj                   2      0         0      
    +--+------------------------------+------+---------+---------+
       Total:                         496    0         0      
                                                              
       Stack:                         0      0         512    
       Linker Generated:              0      49        0      
    +--+------------------------------+------+---------+---------+
       Grand Total:                   3962   1093      541    


LINKER GENERATED COPY TABLES

__TI_cinit_table @ 000013c0 records: 2, size/record: 8, table size: 16
	.data: load addr=00001398, load size=0000000d bytes, run addr=20000210, run size=0000000d bytes, compression=lzss
	.bss: load addr=000013b8, load size=00000008 bytes, run addr=20000200, run size=00000010 bytes, compression=zero_init


LINKER GENERATED HANDLER TABLE

__TI_handler_table @ 000013a8 records: 3, size/record: 4, table size: 12
	index: 0, handler: __TI_decompress_lzss
	index: 1, handler: __TI_decompress_none
	index: 2, handler: __TI_zero_init


GLOBAL SYMBOLS: SORTED ALPHABETICALLY BY Name 

address   name                          
-------   ----                          
000011e7  C$$EXIT                       
20000200  CARGA                         
20000218  CHARS                         
00001189  CPUcpsie                      
00001021  GPIODirModeSet                
000009c9  GPIOPadConfigSet              
00000e6d  GPIOPinConfigure              
000010c7  GPIOPinTypeGPIOOutput         
00001109  GPIOPinTypePWM                
0000111b  GPIOPinTypeUART               
000011d3  GPIOPinWrite                  
00000d9d  IntEnable                     
0000113f  IntMasterEnable               
20000204  PWMCLOCK                      
000008c9  PWMConfig                     
0000104b  PWMGenConfigure               
00001195  PWMGenEnable                  
0000114f  PWMGenPeriodSet               
0000112d  PWMOutputState                
0000108d  PWMPulseWidthSet              
20000208  RX                            
000011a1  ResetISR                      
20000214  SERVO1                        
20000215  SERVO2                        
00000afd  SysCtlClockGet                
00000c0d  SysCtlClockSet                
000011d9  SysCtlDelay                   
000010e1  SysCtlPWMClockSet             
00000fb9  SysCtlPeripheralEnable        
00000f81  SysCtlPeripheralPresent       
000011ad  UARTCharGet                   
0000115f  UARTCharGetNonBlocking        
000011b7  UARTCharPut                   
0000116d  UARTCharsAvail                
00000eb5  UARTConfigSetExpClk           
0000106d  UARTDisable                   
000010f5  UARTEnable                    
000011df  UARTIntClear                  
000011cb  UARTIntEnable                 
000006f7  UARTIntHandler                
000011c1  UARTIntStatus                 
0000026d  UARTStdioConfig               
000003b3  UARTgetc                      
000002f9  UARTgets                      
000006d3  UARTprintf                    
000003d9  UARTvprintf                   
000002b3  UARTwrite                     
20000200  __STACK_END                   
00000200  __STACK_SIZE                  
20000200  __STACK_TOP                   
000013c0  __TI_CINIT_Base               
000013d0  __TI_CINIT_Limit              
000013a8  __TI_Handler_Table_Base       
000013b4  __TI_Handler_Table_Limit      
00000efd  __TI_auto_init_nobinit_nopinit
00000e05  __TI_decompress_lzss          
0000117b  __TI_decompress_none          
ffffffff  __TI_pprof_out_hndl           
ffffffff  __TI_prof_data_size           
ffffffff  __TI_prof_data_start          
00000000  __TI_static_base__            
000010ab  __TI_zero_init_nomemset       
00000afb  __aeabi_idiv0                 
00000afb  __aeabi_ldiv0                 
00000d01  __aeabi_memcpy                
00000d01  __aeabi_memcpy4               
00000d01  __aeabi_memcpy8               
00000f41  __aeabi_uidiv                 
00000f41  __aeabi_uidivmod              
ffffffff  __binit__                     
ffffffff  __c_args__                    
UNDEFED   __mpu_init                    
20000000  __stack                       
20000000  __start___llvm_prf_cnts       
20000000  __stop___llvm_prf_cnts        
00000fed  _c_int00_noargs               
UNDEFED   _system_post_cinit            
000011e3  _system_pre_init              
000011e7  abort                         
ffffffff  binit                         
00000000  g_pfnVectors                  
00000793  main                          
00000d01  memcpy                        
2000020c  ui32Status                    


GLOBAL SYMBOLS: SORTED BY Symbol Address 

address   name                          
-------   ----                          
00000000  __TI_static_base__            
00000000  g_pfnVectors                  
00000200  __STACK_SIZE                  
0000026d  UARTStdioConfig               
000002b3  UARTwrite                     
000002f9  UARTgets                      
000003b3  UARTgetc                      
000003d9  UARTvprintf                   
000006d3  UARTprintf                    
000006f7  UARTIntHandler                
00000793  main                          
000008c9  PWMConfig                     
000009c9  GPIOPadConfigSet              
00000afb  __aeabi_idiv0                 
00000afb  __aeabi_ldiv0                 
00000afd  SysCtlClockGet                
00000c0d  SysCtlClockSet                
00000d01  __aeabi_memcpy                
00000d01  __aeabi_memcpy4               
00000d01  __aeabi_memcpy8               
00000d01  memcpy                        
00000d9d  IntEnable                     
00000e05  __TI_decompress_lzss          
00000e6d  GPIOPinConfigure              
00000eb5  UARTConfigSetExpClk           
00000efd  __TI_auto_init_nobinit_nopinit
00000f41  __aeabi_uidiv                 
00000f41  __aeabi_uidivmod              
00000f81  SysCtlPeripheralPresent       
00000fb9  SysCtlPeripheralEnable        
00000fed  _c_int00_noargs               
00001021  GPIODirModeSet                
0000104b  PWMGenConfigure               
0000106d  UARTDisable                   
0000108d  PWMPulseWidthSet              
000010ab  __TI_zero_init_nomemset       
000010c7  GPIOPinTypeGPIOOutput         
000010e1  SysCtlPWMClockSet             
000010f5  UARTEnable                    
00001109  GPIOPinTypePWM                
0000111b  GPIOPinTypeUART               
0000112d  PWMOutputState                
0000113f  IntMasterEnable               
0000114f  PWMGenPeriodSet               
0000115f  UARTCharGetNonBlocking        
0000116d  UARTCharsAvail                
0000117b  __TI_decompress_none          
00001189  CPUcpsie                      
00001195  PWMGenEnable                  
000011a1  ResetISR                      
000011ad  UARTCharGet                   
000011b7  UARTCharPut                   
000011c1  UARTIntStatus                 
000011cb  UARTIntEnable                 
000011d3  GPIOPinWrite                  
000011d9  SysCtlDelay                   
000011df  UARTIntClear                  
000011e3  _system_pre_init              
000011e7  C$$EXIT                       
000011e7  abort                         
000013a8  __TI_Handler_Table_Base       
000013b4  __TI_Handler_Table_Limit      
000013c0  __TI_CINIT_Base               
000013d0  __TI_CINIT_Limit              
20000000  __stack                       
20000000  __start___llvm_prf_cnts       
20000000  __stop___llvm_prf_cnts        
20000200  CARGA                         
20000200  __STACK_END                   
20000200  __STACK_TOP                   
20000204  PWMCLOCK                      
20000208  RX                            
2000020c  ui32Status                    
20000214  SERVO1                        
20000215  SERVO2                        
20000218  CHARS                         
ffffffff  __TI_pprof_out_hndl           
ffffffff  __TI_prof_data_size           
ffffffff  __TI_prof_data_start          
ffffffff  __binit__                     
ffffffff  __c_args__                    
ffffffff  binit                         
UNDEFED   __mpu_init                    
UNDEFED   _system_post_cinit            

[84 symbols]
