******************************************************************************
                  TI ARM Linker PC v20.2.2                     
******************************************************************************
>> Linked Wed Mar 13 20:51:08 2024

OUTPUT FILE NAME:   <BLUETOOTH_PWM_ADC_MOTOR_DC.out>
ENTRY POINT SYMBOL: "_c_int00_noargs"  address: 00002f61


MEMORY CONFIGURATION

         name            origin    length      used     unused   attr    fill
----------------------  --------  ---------  --------  --------  ----  --------
  FLASH                 00000000   00040000  00003576  0003ca8a  R  X
  SRAM                  20000000   00008000  000004c5  00007b3b  RW X


SEGMENT ALLOCATION MAP

run origin  load origin   length   init length attrs members
----------  ----------- ---------- ----------- ----- -------
00000000    00000000    00003578   00003578    r-x
  00000000    00000000    0000026c   0000026c    r-- .intvecs
  0000026c    0000026c    00002f36   00002f36    r-x .text
  000031a4    000031a4    00000384   00000384    r-- .const
  00003528    00003528    00000050   00000050    r-- .cinit
20000000    20000000    000004c9   00000000    rw-
  20000000    20000000    0000026c   00000000    rw- .vtable
  20000270    20000270    00000200   00000000    rw- .stack
  20000470    20000470    00000030   00000000    rw- .bss
  200004a0    200004a0    00000029   00000000    rw- .data


SECTION ALLOCATION MAP

 output                                  attributes/
section   page    origin      length       input sections
--------  ----  ----------  ----------   ----------------
.intvecs   0    00000000    0000026c     
                  00000000    0000026c     tm4c123gh6pm_startup_ccs.obj (.intvecs)

.text      0    0000026c    00002f36     
                  0000026c    000022b4     main.obj (.text)
                  00002520    000001b6     rtsv7M4_T_le_v4SPD16_eabi.lib : fd_add_t2.asm.obj (.text)
                  000026d6    00000136                                   : fd_div_t2.asm.obj (.text)
                  0000280c    00000132     driverlib.lib : gpio.obj (.text:GPIOPadConfigSet)
                  0000293e    000000fc     rtsv7M4_T_le_v4SPD16_eabi.lib : fd_mul_t2.asm.obj (.text)
                  00002a3a    0000009c                                   : memcpy_t2.asm.obj (.text)
                  00002ad6    00000086                                   : fd_cmp_t2.asm.obj (.text:__aeabi_cdcmple)
                  00002b5c    00000086                                   : fd_cmp_t2.asm.obj (.text:__aeabi_cdrcmple)
                  00002be2    00000002     driverlib.lib : interrupt.obj (.text:_IntDefaultHandler)
                  00002be4    0000006e     rtsv7M4_T_le_v4SPD16_eabi.lib : ltoa.c.obj (.text:ltoa)
                  00002c52    00000002                                   : div0.asm.obj (.text)
                  00002c54    00000068     driverlib.lib : interrupt.obj (.text:IntDisable)
                  00002cbc    00000068                   : interrupt.obj (.text:IntEnable)
                  00002d24    00000068     rtsv7M4_T_le_v4SPD16_eabi.lib : copy_decompress_lzss.c.obj (.text:decompress:lzss:__TI_decompress_lzss)
                  00002d8c    00000048     driverlib.lib : gpio.obj (.text:GPIOPinConfigure)
                  00002dd4    00000048     rtsv7M4_T_le_v4SPD16_eabi.lib : fd_toi_t2.asm.obj (.text)
                  00002e1c    00000046     driverlib.lib : uart.obj (.text:UARTConfigSetExpClk)
                  00002e62    00000002     --HOLE-- [fill = 0]
                  00002e64    00000044     rtsv7M4_T_le_v4SPD16_eabi.lib : autoinit.c.obj (.text:__TI_auto_init_nobinit_nopinit:__TI_auto_init_nobinit_nopinit)
                  00002ea8    00000044                                   : fd_tou_t2.asm.obj (.text)
                  00002eec    00000040                                   : u_divt2.asm.obj (.text)
                  00002f2c    00000034     driverlib.lib : interrupt.obj (.text:IntRegister)
                  00002f60    00000034     rtsv7M4_T_le_v4SPD16_eabi.lib : boot_cortex_m.c.obj (.text:_c_int00_noargs:_c_int00_noargs)
                  00002f94    0000002a     driverlib.lib : gpio.obj (.text:GPIODirModeSet)
                  00002fbe    00000022                   : pwm.obj (.text:PWMGenConfigure)
                  00002fe0    00000020                   : uart.obj (.text:UARTDisable)
                  00003000    00000020     rtsv7M4_T_le_v4SPD16_eabi.lib : u_tofd_t2.asm.obj (.text)
                  00003020    0000001e     driverlib.lib : pwm.obj (.text:PWMPulseWidthSet)
                  0000303e    0000001c     rtsv7M4_T_le_v4SPD16_eabi.lib : copy_zero_init.c.obj (.text:decompress:ZI:__TI_zero_init_nomemset:__TI_zero_init_nomemset)
                  0000305a    00000002     --HOLE-- [fill = 0]
                  0000305c    00000014     driverlib.lib : interrupt.obj (.text:IntUnregister)
                  00003070    00000014                   : uart.obj (.text:UARTEnable)
                  00003084    00000014     rtsv7M4_T_le_v4SPD16_eabi.lib : strcpy.c.obj (.text:strcpy)
                  00003098    00000012     driverlib.lib : gpio.obj (.text:GPIOPinTypeADC)
                  000030aa    00000012                   : gpio.obj (.text:GPIOPinTypeGPIOInput)
                  000030bc    00000012                   : gpio.obj (.text:GPIOPinTypePWM)
                  000030ce    00000012                   : gpio.obj (.text:GPIOPinTypeUART)
                  000030e0    00000012                   : pwm.obj (.text:PWMOutputState)
                  000030f2    00000010                   : interrupt.obj (.text:IntMasterEnable)
                  00003102    00000010                   : pwm.obj (.text:PWMGenPeriodSet)
                  00003112    0000000e                   : uart.obj (.text:UARTCharGetNonBlocking)
                  00003120    0000000e                   : uart.obj (.text:UARTCharsAvail)
                  0000312e    0000000e     rtsv7M4_T_le_v4SPD16_eabi.lib : copy_decompress_none.c.obj (.text:decompress:none:__TI_decompress_none)
                  0000313c    0000000c     driverlib.lib : cpu.obj (.text:CPUcpsie)
                  00003148    0000000c                   : pwm.obj (.text:PWMGenEnable)
                  00003154    0000000c     tm4c123gh6pm_startup_ccs.obj (.text)
                  00003160    0000000a     driverlib.lib : uart.obj (.text:UARTCharGet)
                  0000316a    0000000a                   : uart.obj (.text:UARTCharPut)
                  00003174    0000000a                   : uart.obj (.text:UARTIntStatus)
                  0000317e    00000008                   : uart.obj (.text:UARTIntEnable)
                  00003186    00000006                   : gpio.obj (.text:GPIOPinRead)
                  0000318c    00000006     main.obj (.text:SysCtlDelay)
                  00003192    00000004     driverlib.lib : cpu.obj (.text:CPUwfi)
                  00003196    00000004                   : uart.obj (.text:UARTIntClear)
                  0000319a    00000004     rtsv7M4_T_le_v4SPD16_eabi.lib : pre_init.c.obj (.text:_system_pre_init)
                  0000319e    00000004                                   : exit.c.obj (.text:abort:abort)

.const     0    000031a4    00000384     
                  000031a4    000001b0     main.obj (.const:g_pppui32XTALtoVCO)
                  00003354    00000090     driverlib.lib : gpio.obj (.const:g_pui32GPIOBaseAddrs)
                  000033e4    00000070                   : interrupt.obj (.const)
                  00003454    0000006c     main.obj (.const:g_pui32Xtals)
                  000034c0    00000030     main.obj (.const:g_sXTALtoMEMTIM)
                  000034f0    00000012     main.obj (.const:.string)
                  00003502    00000002     --HOLE-- [fill = 0]
                  00003504    0000000c     main.obj (.const:g_ui32UARTBase)
                  00003510    0000000c     main.obj (.const:g_ui32UARTPeriph)
                  0000351c    00000008     main.obj (.const:g_pui32VCOFrequencies)
                  00003524    00000004     main.obj (.const)

.cinit     0    00003528    00000050     
                  00003528    00000017     (.cinit..data.load) [load image, compression = lzss]
                  0000353f    00000001     --HOLE-- [fill = 0]
                  00003540    0000000c     (__TI_handler_table)
                  0000354c    00000004     --HOLE-- [fill = 0]
                  00003550    00000008     (.cinit..bss.load) [load image, compression = zero_init]
                  00003558    00000008     (.cinit..vtable.load) [load image, compression = zero_init]
                  00003560    00000018     (__TI_cinit_table)

.init_array 
*          0    00000000    00000000     UNINITIALIZED

.vtable    0    20000000    0000026c     UNINITIALIZED
                  20000000    0000026c     driverlib.lib : interrupt.obj (.vtable)

.bss       0    20000470    00000030     UNINITIALIZED
                  20000470    00000008     main.obj (.bss:g_pui8OversampleFactor)
                  20000478    00000008     (.common:ANCHO_PULSO)
                  20000480    00000008     (.common:CARGA)
                  20000488    00000004     (.common:ARRAY_PENT_POTENCIA)
                  2000048c    00000004     (.common:PENT_ANCHO_PULSO)
                  20000490    00000004     (.common:RX)
                  20000494    00000004     (.common:VALOR_ADC)
                  20000498    00000004     (.common:VALOR_ADC_PROMEDIO)
                  2000049c    00000004     (.common:ui32Status)

.data      0    200004a0    00000029     UNINITIALIZED
                  200004a0    00000029     main.obj (.data)

.stack     0    20000270    00000200     UNINITIALIZED
                  20000270    00000004     rtsv7M4_T_le_v4SPD16_eabi.lib : boot_cortex_m.c.obj (.stack)
                  20000274    000001fc     --HOLE--

__llvm_prf_cnts 
*          0    20000000    00000000     UNINITIALIZED

MODULE SUMMARY

       Module                         code    ro data   rw data
       ------                         ----    -------   -------
    .\
       main.obj                       8890    642       89     
       tm4c123gh6pm_startup_ccs.obj   12      620       0      
    +--+------------------------------+-------+---------+---------+
       Total:                         8902    1262      89     
                                                               
    ../driverlib.lib
       interrupt.obj                  298     112       620    
       gpio.obj                       498     144       0      
       uart.obj                       192     0         0      
       pwm.obj                        110     0         0      
       cpu.obj                        16      0         0      
    +--+------------------------------+-------+---------+---------+
       Total:                         1114    256       620    
                                                               
    C:\ti\ccs1020\ccs\tools\compiler\ti-cgt-arm_20.2.2.LTS\lib\rtsv7M4_T_le_v4SPD16_eabi.lib
       fd_add_t2.asm.obj              438     0         0      
       fd_div_t2.asm.obj              310     0         0      
       fd_cmp_t2.asm.obj              268     0         0      
       fd_mul_t2.asm.obj              252     0         0      
       memcpy_t2.asm.obj              156     0         0      
       ltoa.c.obj                     110     0         0      
       copy_decompress_lzss.c.obj     104     0         0      
       fd_toi_t2.asm.obj              72      0         0      
       autoinit.c.obj                 68      0         0      
       fd_tou_t2.asm.obj              68      0         0      
       u_divt2.asm.obj                64      0         0      
       boot_cortex_m.c.obj            52      0         0      
       u_tofd_t2.asm.obj              32      0         0      
       copy_zero_init.c.obj           28      0         0      
       strcpy.c.obj                   20      0         0      
       copy_decompress_none.c.obj     14      0         0      
       exit.c.obj                     4       0         0      
       pre_init.c.obj                 4       0         0      
       div0.asm.obj                   2       0         0      
    +--+------------------------------+-------+---------+---------+
       Total:                         2066    0         0      
                                                               
       Stack:                         0       0         512    
       Linker Generated:              0       75        0      
    +--+------------------------------+-------+---------+---------+
       Grand Total:                   12082   1593      1221   


LINKER GENERATED COPY TABLES

__TI_cinit_table @ 00003560 records: 3, size/record: 8, table size: 24
	.data: load addr=00003528, load size=00000017 bytes, run addr=200004a0, run size=00000029 bytes, compression=lzss
	.bss: load addr=00003550, load size=00000008 bytes, run addr=20000470, run size=00000030 bytes, compression=zero_init
	.vtable: load addr=00003558, load size=00000008 bytes, run addr=20000000, run size=0000026c bytes, compression=zero_init


LINKER GENERATED HANDLER TABLE

__TI_handler_table @ 00003540 records: 3, size/record: 4, table size: 12
	index: 0, handler: __TI_zero_init
	index: 1, handler: __TI_decompress_lzss
	index: 2, handler: __TI_decompress_none


GLOBAL SYMBOLS: SORTED ALPHABETICALLY BY Name 

address   name                              
-------   ----                              
00001e41  ADCBusy                           
00001e89  ADCClockConfigGet                 
00001e5f  ADCClockConfigSet                 
00001c5b  ADCComparatorConfigure            
00001d35  ADCComparatorIntClear             
00001ce1  ADCComparatorIntDisable           
00001cff  ADCComparatorIntEnable            
00001d21  ADCComparatorIntStatus            
00001c77  ADCComparatorRegionSet            
00001c9b  ADCComparatorReset                
00001c29  ADCHardwareOversampleConfigure    
000017bd  ADCIntClear                       
00001da9  ADCIntClearEx                     
00001723  ADCIntDisable                     
00001d47  ADCIntDisableEx                   
0000173f  ADCIntEnable                      
00001d5f  ADCIntEnableEx                    
000016d9  ADCIntRegister                    
00001765  ADCIntStatus                      
00001d77  ADCIntStatusEx                    
00001701  ADCIntUnregister                  
00001dfb  ADCPhaseDelayGet                  
00001de9  ADCPhaseDelaySet                  
00001a3d  ADCProcessorTrigger               
00001dd7  ADCReferenceGet                   
00001dbb  ADCReferenceSet                   
0000180d  ADCSequenceConfigure              
00001e25  ADCSequenceDMADisable             
00001e09  ADCSequenceDMAEnable              
000019fb  ADCSequenceDataGet                
000017ed  ADCSequenceDisable                
000017d3  ADCSequenceEnable                 
0000199f  ADCSequenceOverflow               
000019b7  ADCSequenceOverflowClear          
000018b1  ADCSequenceStepConfigure          
000019cd  ADCSequenceUnderflow              
000019e5  ADCSequenceUnderflowClear         
00001a61  ADCSoftwareOversampleConfigure    
00001b95  ADCSoftwareOversampleDataGet      
00001ab3  ADCSoftwareOversampleStepConfigure
20000478  ANCHO_PULSO                       
20000488  ARRAY_PENT_POTENCIA               
200004bc  ASSENTS                           
00001ecb  BLUETHOOTHMessege                 
0000319f  C$$EXIT                           
20000480  CARGA                             
0000313d  CPUcpsie                          
00003193  CPUwfi                            
00002f95  GPIODirModeSet                    
0000280d  GPIOPadConfigSet                  
00002d8d  GPIOPinConfigure                  
00003187  GPIOPinRead                       
00003099  GPIOPinTypeADC                    
000030ab  GPIOPinTypeGPIOInput              
000030bd  GPIOPinTypePWM                    
000030cf  GPIOPinTypeUART                   
00002c55  IntDisable                        
00002cbd  IntEnable                         
000030f3  IntMasterEnable                   
00002f2d  IntRegister                       
0000305d  IntUnregister                     
200004c4  MUESTRA                           
2000048c  PENT_ANCHO_PULSO                  
200004c0  PENT_POTENCIA                     
200004a8  POTENCIA                          
200004b0  POTENCIA_ANTERIOR                 
200004b8  PWMCLOCK                          
000023f9  PWMConfig                         
00002fbf  PWMGenConfigure                   
00003149  PWMGenEnable                      
00003103  PWMGenPeriodSet                   
000030e1  PWMOutputState                    
00003021  PWMPulseWidthSet                  
20000490  RX                                
00003155  ResetISR                          
000011a9  SysCtlAltClkConfig                
000008d1  SysCtlClockFreqSet                
00000d99  SysCtlClockGet                    
0000118d  SysCtlClockOutConfig              
00000bc9  SysCtlClockSet                    
000007d5  SysCtlDeepSleep                   
00000f5d  SysCtlDeepSleepClockConfigSet     
00000f3f  SysCtlDeepSleepClockSet           
000007b5  SysCtlDeepSleepPowerSet           
0000318d  SysCtlDelay                       
00000363  SysCtlFlashSectorSizeGet          
00000337  SysCtlFlashSizeGet                
00001033  SysCtlGPIOAHBDisable              
00001017  SysCtlGPIOAHBEnable               
00000749  SysCtlIntClear                    
00000731  SysCtlIntDisable                  
0000071d  SysCtlIntEnable                   
000006f5  SysCtlIntRegister                 
00000759  SysCtlIntStatus                   
0000070d  SysCtlIntUnregister               
0000079b  SysCtlLDODeepSleepGet             
0000078b  SysCtlLDODeepSleepSet             
00000785  SysCtlLDOSleepGet                 
00000775  SysCtlLDOSleepSet                 
0000080b  SysCtlMOSCConfigSet               
00001171  SysCtlNMIClear                    
0000115d  SysCtlNMIStatus                   
00000821  SysCtlPIOSCCalibrate              
00001001  SysCtlPWMClockGet                 
00000fe7  SysCtlPWMClockSet                 
000006a1  SysCtlPeripheralClockGating       
00000659  SysCtlPeripheralDeepSleepDisable  
00000609  SysCtlPeripheralDeepSleepEnable   
00000545  SysCtlPeripheralDisable           
00000509  SysCtlPeripheralEnable            
00000445  SysCtlPeripheralPowerOff          
00000409  SysCtlPeripheralPowerOn           
00000389  SysCtlPeripheralPresent           
000003c9  SysCtlPeripheralReady             
00000481  SysCtlPeripheralReset             
000005cd  SysCtlPeripheralSleepDisable      
00000589  SysCtlPeripheralSleepEnable       
000007c5  SysCtlReset                       
00000881  SysCtlResetBehaviorGet            
00000871  SysCtlResetBehaviorSet            
000007f7  SysCtlResetCauseClear             
000007f1  SysCtlResetCauseGet               
0000032d  SysCtlSRAMSizeGet                 
000007cd  SysCtlSleep                       
000007a1  SysCtlSleepPowerSet               
0000105b  SysCtlUSBPLLDisable               
0000104f  SysCtlUSBPLLEnable                
000010a1  SysCtlVCOGet                      
00001089  SysCtlVoltageEventClear           
0000106d  SysCtlVoltageEventConfig          
0000107d  SysCtlVoltageEventStatus          
00003161  UARTCharGet                       
00003113  UARTCharGetNonBlocking            
0000316b  UARTCharPut                       
00003121  UARTCharsAvail                    
00002e1d  UARTConfigSetExpClk               
00002fe1  UARTDisable                       
00003071  UARTEnable                        
00003197  UARTIntClear                      
0000317f  UARTIntEnable                     
00001eeb  UARTIntHandler                    
00003175  UARTIntStatus                     
000011b9  UARTStdioConfig                   
00001321  UARTgetc                          
00001261  UARTgets                          
0000165b  UARTprintf                        
00001361  UARTvprintf                       
00001211  UARTwrite                         
20000494  VALOR_ADC                         
20000498  VALOR_ADC_PROMEDIO                
20000470  __STACK_END                       
00000200  __STACK_SIZE                      
20000470  __STACK_TOP                       
00003560  __TI_CINIT_Base                   
00003578  __TI_CINIT_Limit                  
00003540  __TI_Handler_Table_Base           
0000354c  __TI_Handler_Table_Limit          
00002e65  __TI_auto_init_nobinit_nopinit    
00002d25  __TI_decompress_lzss              
0000312f  __TI_decompress_none              
ffffffff  __TI_pprof_out_hndl               
ffffffff  __TI_prof_data_size               
ffffffff  __TI_prof_data_start              
00000000  __TI_static_base__                
0000303f  __TI_zero_init_nomemset           
00002ad7  __aeabi_cdcmpeq                   
00002ad7  __aeabi_cdcmple                   
00002b5d  __aeabi_cdrcmple                  
00002dd5  __aeabi_d2iz                      
00002ea9  __aeabi_d2uiz                     
0000252b  __aeabi_dadd                      
000026d7  __aeabi_ddiv                      
0000293f  __aeabi_dmul                      
00002521  __aeabi_dsub                      
00002c53  __aeabi_idiv0                     
00002c53  __aeabi_ldiv0                     
00002a3b  __aeabi_memcpy                    
00002a3b  __aeabi_memcpy4                   
00002a3b  __aeabi_memcpy8                   
00003001  __aeabi_ui2d                      
00002eed  __aeabi_uidiv                     
00002eed  __aeabi_uidivmod                  
ffffffff  __binit__                         
ffffffff  __c_args__                        
UNDEFED   __mpu_init                        
20000270  __stack                           
20000000  __start___llvm_prf_cnts           
20000000  __stop___llvm_prf_cnts            
00002f61  _c_int00_noargs                   
UNDEFED   _system_post_cinit                
0000319b  _system_pre_init                  
0000319f  abort                             
ffffffff  binit                             
20000000  g_pfnRAMVectors                   
00000000  g_pfnVectors                      
00002be5  ltoa                              
00002121  main                              
00002a3b  memcpy                            
00003085  strcpy                            
2000049c  ui32Status                        


GLOBAL SYMBOLS: SORTED BY Symbol Address 

address   name                              
-------   ----                              
00000000  __TI_static_base__                
00000000  g_pfnVectors                      
00000200  __STACK_SIZE                      
0000032d  SysCtlSRAMSizeGet                 
00000337  SysCtlFlashSizeGet                
00000363  SysCtlFlashSectorSizeGet          
00000389  SysCtlPeripheralPresent           
000003c9  SysCtlPeripheralReady             
00000409  SysCtlPeripheralPowerOn           
00000445  SysCtlPeripheralPowerOff          
00000481  SysCtlPeripheralReset             
00000509  SysCtlPeripheralEnable            
00000545  SysCtlPeripheralDisable           
00000589  SysCtlPeripheralSleepEnable       
000005cd  SysCtlPeripheralSleepDisable      
00000609  SysCtlPeripheralDeepSleepEnable   
00000659  SysCtlPeripheralDeepSleepDisable  
000006a1  SysCtlPeripheralClockGating       
000006f5  SysCtlIntRegister                 
0000070d  SysCtlIntUnregister               
0000071d  SysCtlIntEnable                   
00000731  SysCtlIntDisable                  
00000749  SysCtlIntClear                    
00000759  SysCtlIntStatus                   
00000775  SysCtlLDOSleepSet                 
00000785  SysCtlLDOSleepGet                 
0000078b  SysCtlLDODeepSleepSet             
0000079b  SysCtlLDODeepSleepGet             
000007a1  SysCtlSleepPowerSet               
000007b5  SysCtlDeepSleepPowerSet           
000007c5  SysCtlReset                       
000007cd  SysCtlSleep                       
000007d5  SysCtlDeepSleep                   
000007f1  SysCtlResetCauseGet               
000007f7  SysCtlResetCauseClear             
0000080b  SysCtlMOSCConfigSet               
00000821  SysCtlPIOSCCalibrate              
00000871  SysCtlResetBehaviorSet            
00000881  SysCtlResetBehaviorGet            
000008d1  SysCtlClockFreqSet                
00000bc9  SysCtlClockSet                    
00000d99  SysCtlClockGet                    
00000f3f  SysCtlDeepSleepClockSet           
00000f5d  SysCtlDeepSleepClockConfigSet     
00000fe7  SysCtlPWMClockSet                 
00001001  SysCtlPWMClockGet                 
00001017  SysCtlGPIOAHBEnable               
00001033  SysCtlGPIOAHBDisable              
0000104f  SysCtlUSBPLLEnable                
0000105b  SysCtlUSBPLLDisable               
0000106d  SysCtlVoltageEventConfig          
0000107d  SysCtlVoltageEventStatus          
00001089  SysCtlVoltageEventClear           
000010a1  SysCtlVCOGet                      
0000115d  SysCtlNMIStatus                   
00001171  SysCtlNMIClear                    
0000118d  SysCtlClockOutConfig              
000011a9  SysCtlAltClkConfig                
000011b9  UARTStdioConfig                   
00001211  UARTwrite                         
00001261  UARTgets                          
00001321  UARTgetc                          
00001361  UARTvprintf                       
0000165b  UARTprintf                        
000016d9  ADCIntRegister                    
00001701  ADCIntUnregister                  
00001723  ADCIntDisable                     
0000173f  ADCIntEnable                      
00001765  ADCIntStatus                      
000017bd  ADCIntClear                       
000017d3  ADCSequenceEnable                 
000017ed  ADCSequenceDisable                
0000180d  ADCSequenceConfigure              
000018b1  ADCSequenceStepConfigure          
0000199f  ADCSequenceOverflow               
000019b7  ADCSequenceOverflowClear          
000019cd  ADCSequenceUnderflow              
000019e5  ADCSequenceUnderflowClear         
000019fb  ADCSequenceDataGet                
00001a3d  ADCProcessorTrigger               
00001a61  ADCSoftwareOversampleConfigure    
00001ab3  ADCSoftwareOversampleStepConfigure
00001b95  ADCSoftwareOversampleDataGet      
00001c29  ADCHardwareOversampleConfigure    
00001c5b  ADCComparatorConfigure            
00001c77  ADCComparatorRegionSet            
00001c9b  ADCComparatorReset                
00001ce1  ADCComparatorIntDisable           
00001cff  ADCComparatorIntEnable            
00001d21  ADCComparatorIntStatus            
00001d35  ADCComparatorIntClear             
00001d47  ADCIntDisableEx                   
00001d5f  ADCIntEnableEx                    
00001d77  ADCIntStatusEx                    
00001da9  ADCIntClearEx                     
00001dbb  ADCReferenceSet                   
00001dd7  ADCReferenceGet                   
00001de9  ADCPhaseDelaySet                  
00001dfb  ADCPhaseDelayGet                  
00001e09  ADCSequenceDMAEnable              
00001e25  ADCSequenceDMADisable             
00001e41  ADCBusy                           
00001e5f  ADCClockConfigSet                 
00001e89  ADCClockConfigGet                 
00001ecb  BLUETHOOTHMessege                 
00001eeb  UARTIntHandler                    
00002121  main                              
000023f9  PWMConfig                         
00002521  __aeabi_dsub                      
0000252b  __aeabi_dadd                      
000026d7  __aeabi_ddiv                      
0000280d  GPIOPadConfigSet                  
0000293f  __aeabi_dmul                      
00002a3b  __aeabi_memcpy                    
00002a3b  __aeabi_memcpy4                   
00002a3b  __aeabi_memcpy8                   
00002a3b  memcpy                            
00002ad7  __aeabi_cdcmpeq                   
00002ad7  __aeabi_cdcmple                   
00002b5d  __aeabi_cdrcmple                  
00002be5  ltoa                              
00002c53  __aeabi_idiv0                     
00002c53  __aeabi_ldiv0                     
00002c55  IntDisable                        
00002cbd  IntEnable                         
00002d25  __TI_decompress_lzss              
00002d8d  GPIOPinConfigure                  
00002dd5  __aeabi_d2iz                      
00002e1d  UARTConfigSetExpClk               
00002e65  __TI_auto_init_nobinit_nopinit    
00002ea9  __aeabi_d2uiz                     
00002eed  __aeabi_uidiv                     
00002eed  __aeabi_uidivmod                  
00002f2d  IntRegister                       
00002f61  _c_int00_noargs                   
00002f95  GPIODirModeSet                    
00002fbf  PWMGenConfigure                   
00002fe1  UARTDisable                       
00003001  __aeabi_ui2d                      
00003021  PWMPulseWidthSet                  
0000303f  __TI_zero_init_nomemset           
0000305d  IntUnregister                     
00003071  UARTEnable                        
00003085  strcpy                            
00003099  GPIOPinTypeADC                    
000030ab  GPIOPinTypeGPIOInput              
000030bd  GPIOPinTypePWM                    
000030cf  GPIOPinTypeUART                   
000030e1  PWMOutputState                    
000030f3  IntMasterEnable                   
00003103  PWMGenPeriodSet                   
00003113  UARTCharGetNonBlocking            
00003121  UARTCharsAvail                    
0000312f  __TI_decompress_none              
0000313d  CPUcpsie                          
00003149  PWMGenEnable                      
00003155  ResetISR                          
00003161  UARTCharGet                       
0000316b  UARTCharPut                       
00003175  UARTIntStatus                     
0000317f  UARTIntEnable                     
00003187  GPIOPinRead                       
0000318d  SysCtlDelay                       
00003193  CPUwfi                            
00003197  UARTIntClear                      
0000319b  _system_pre_init                  
0000319f  C$$EXIT                           
0000319f  abort                             
00003540  __TI_Handler_Table_Base           
0000354c  __TI_Handler_Table_Limit          
00003560  __TI_CINIT_Base                   
00003578  __TI_CINIT_Limit                  
20000000  __start___llvm_prf_cnts           
20000000  __stop___llvm_prf_cnts            
20000000  g_pfnRAMVectors                   
20000270  __stack                           
20000470  __STACK_END                       
20000470  __STACK_TOP                       
20000478  ANCHO_PULSO                       
20000480  CARGA                             
20000488  ARRAY_PENT_POTENCIA               
2000048c  PENT_ANCHO_PULSO                  
20000490  RX                                
20000494  VALOR_ADC                         
20000498  VALOR_ADC_PROMEDIO                
2000049c  ui32Status                        
200004a8  POTENCIA                          
200004b0  POTENCIA_ANTERIOR                 
200004b8  PWMCLOCK                          
200004bc  ASSENTS                           
200004c0  PENT_POTENCIA                     
200004c4  MUESTRA                           
ffffffff  __TI_pprof_out_hndl               
ffffffff  __TI_prof_data_size               
ffffffff  __TI_prof_data_start              
ffffffff  __binit__                         
ffffffff  __c_args__                        
ffffffff  binit                             
UNDEFED   __mpu_init                        
UNDEFED   _system_post_cinit                

[200 symbols]
