******************************************************************************
                  TI ARM Linker PC v20.2.2                     
******************************************************************************
>> Linked Sat Nov 11 11:44:33 2023

OUTPUT FILE NAME:   <BLUETOOTHYPWM2.out>
ENTRY POINT SYMBOL: "_c_int00_noargs"  address: 00000f31


MEMORY CONFIGURATION

         name            origin    length      used     unused   attr    fill
----------------------  --------  ---------  --------  --------  ----  --------
  FLASH                 00000000   00040000  00001308  0003ecf8  R  X
  SRAM                  20000000   00008000  00000221  00007ddf  RW X


SEGMENT ALLOCATION MAP

run origin  load origin   length   init length attrs members
----------  ----------- ---------- ----------- ----- -------
00000000    00000000    00001308   00001308    r-x
  00000000    00000000    0000026c   0000026c    r-- .intvecs
  0000026c    0000026c    00000ebc   00000ebc    r-x .text
  00001128    00001128    000001a8   000001a8    r-- .const
  000012d0    000012d0    00000038   00000038    r-- .cinit
20000000    20000000    00000224   00000000    rw-
  20000000    20000000    00000200   00000000    rw- .stack
  20000200    20000200    00000011   00000000    rw- .data
  20000214    20000214    00000010   00000000    rw- .bss


SECTION ALLOCATION MAP

 output                                  attributes/
section   page    origin      length       input sections
--------  ----  ----------  ----------   ----------------
.intvecs   0    00000000    0000026c     
                  00000000    0000026c     tm4c123gh6pm_startup_ccs.obj (.intvecs)

.text      0    0000026c    00000ebc     
                  0000026c    000006a0     main.obj (.text)
                  0000090c    00000132     driverlib.lib : gpio.obj (.text:GPIOPadConfigSet)
                  00000a3e    00000002     rtsv7M4_T_le_v4SPD16_eabi.lib : div0.asm.obj (.text)
                  00000a40    00000110     driverlib.lib : sysctl.obj (.text:SysCtlClockGet)
                  00000b50    000000f4                   : sysctl.obj (.text:SysCtlClockSet)
                  00000c44    0000009c     rtsv7M4_T_le_v4SPD16_eabi.lib : memcpy_t2.asm.obj (.text)
                  00000ce0    00000068     driverlib.lib : interrupt.obj (.text:IntEnable)
                  00000d48    00000068     rtsv7M4_T_le_v4SPD16_eabi.lib : copy_decompress_lzss.c.obj (.text:decompress:lzss:__TI_decompress_lzss)
                  00000db0    00000048     driverlib.lib : gpio.obj (.text:GPIOPinConfigure)
                  00000df8    00000046                   : uart.obj (.text:UARTConfigSetExpClk)
                  00000e3e    00000002     --HOLE-- [fill = 0]
                  00000e40    00000044     rtsv7M4_T_le_v4SPD16_eabi.lib : autoinit.c.obj (.text:__TI_auto_init_nobinit_nopinit:__TI_auto_init_nobinit_nopinit)
                  00000e84    00000040                                   : u_divt2.asm.obj (.text)
                  00000ec4    00000038     driverlib.lib : sysctl.obj (.text:SysCtlPeripheralPresent)
                  00000efc    00000034                   : sysctl.obj (.text:SysCtlPeripheralEnable)
                  00000f30    00000034     rtsv7M4_T_le_v4SPD16_eabi.lib : boot_cortex_m.c.obj (.text:_c_int00_noargs:_c_int00_noargs)
                  00000f64    0000002a     driverlib.lib : gpio.obj (.text:GPIODirModeSet)
                  00000f8e    00000022                   : pwm.obj (.text:PWMGenConfigure)
                  00000fb0    00000020                   : uart.obj (.text:UARTDisable)
                  00000fd0    0000001e                   : pwm.obj (.text:PWMPulseWidthSet)
                  00000fee    0000001c     rtsv7M4_T_le_v4SPD16_eabi.lib : copy_zero_init.c.obj (.text:decompress:ZI:__TI_zero_init_nomemset:__TI_zero_init_nomemset)
                  0000100a    00000018     driverlib.lib : gpio.obj (.text:GPIOPinTypeGPIOOutput)
                  00001022    00000002     --HOLE-- [fill = 0]
                  00001024    00000014                   : sysctl.obj (.text:SysCtlPWMClockSet)
                  00001038    00000014                   : uart.obj (.text:UARTEnable)
                  0000104c    00000012                   : gpio.obj (.text:GPIOPinTypePWM)
                  0000105e    00000012                   : gpio.obj (.text:GPIOPinTypeUART)
                  00001070    00000012                   : pwm.obj (.text:PWMOutputState)
                  00001082    00000010                   : interrupt.obj (.text:IntMasterEnable)
                  00001092    00000010                   : pwm.obj (.text:PWMGenPeriodSet)
                  000010a2    0000000e                   : uart.obj (.text:UARTCharGetNonBlocking)
                  000010b0    0000000e                   : uart.obj (.text:UARTCharsAvail)
                  000010be    0000000e     rtsv7M4_T_le_v4SPD16_eabi.lib : copy_decompress_none.c.obj (.text:decompress:none:__TI_decompress_none)
                  000010cc    0000000c     driverlib.lib : cpu.obj (.text:CPUcpsie)
                  000010d8    0000000c                   : pwm.obj (.text:PWMGenEnable)
                  000010e4    0000000c     tm4c123gh6pm_startup_ccs.obj (.text)
                  000010f0    0000000a     driverlib.lib : uart.obj (.text:UARTCharGet)
                  000010fa    0000000a                   : uart.obj (.text:UARTCharPut)
                  00001104    0000000a                   : uart.obj (.text:UARTIntStatus)
                  0000110e    00000008                   : uart.obj (.text:UARTIntEnable)
                  00001116    00000006                   : sysctl.obj (.text:SysCtlDelay)
                  0000111c    00000004                   : uart.obj (.text:UARTIntClear)
                  00001120    00000004     rtsv7M4_T_le_v4SPD16_eabi.lib : pre_init.c.obj (.text:_system_pre_init)
                  00001124    00000004                                   : exit.c.obj (.text:abort:abort)

.const     0    00001128    000001a8     
                  00001128    00000090     driverlib.lib : gpio.obj (.const:g_pui32GPIOBaseAddrs)
                  000011b8    00000070                   : interrupt.obj (.const)
                  00001228    0000006c                   : sysctl.obj (.const:g_pui32Xtals)
                  00001294    00000020     main.obj (.const:.string)
                  000012b4    0000000c     main.obj (.const:g_ui32UARTBase)
                  000012c0    0000000c     main.obj (.const:g_ui32UARTPeriph)
                  000012cc    00000004     main.obj (.const)

.cinit     0    000012d0    00000038     
                  000012d0    00000012     (.cinit..data.load) [load image, compression = lzss]
                  000012e2    00000002     --HOLE-- [fill = 0]
                  000012e4    0000000c     (__TI_handler_table)
                  000012f0    00000008     (.cinit..bss.load) [load image, compression = zero_init]
                  000012f8    00000010     (__TI_cinit_table)

.init_array 
*          0    00000000    00000000     UNINITIALIZED

.data      0    20000200    00000011     UNINITIALIZED
                  20000200    00000011     main.obj (.data)

.bss       0    20000214    00000010     UNINITIALIZED
                  20000214    00000004     (.common:CARGA)
                  20000218    00000004     (.common:PWMCLOCK)
                  2000021c    00000004     (.common:RX)
                  20000220    00000004     (.common:ui32Status)

.stack     0    20000000    00000200     UNINITIALIZED
                  20000000    00000004     rtsv7M4_T_le_v4SPD16_eabi.lib : boot_cortex_m.c.obj (.stack)
                  20000004    000001fc     --HOLE--

__llvm_prf_cnts 
*          0    20000000    00000000     UNINITIALIZED

MODULE SUMMARY

       Module                         code   ro data   rw data
       ------                         ----   -------   -------
    .\
       main.obj                       1696   60        33     
       tm4c123gh6pm_startup_ccs.obj   12     620       0      
    +--+------------------------------+------+---------+---------+
       Total:                         1708   680       33     
                                                              
    ../driverlib.lib
       sysctl.obj                     650    108       0      
       gpio.obj                       480    144       0      
       interrupt.obj                  120    112       0      
       uart.obj                       192    0         0      
       pwm.obj                        110    0         0      
       cpu.obj                        12     0         0      
    +--+------------------------------+------+---------+---------+
       Total:                         1564   364       0      
                                                              
    C:\ti\ccs1020\ccs\tools\compiler\ti-cgt-arm_20.2.2.LTS\lib\rtsv7M4_T_le_v4SPD16_eabi.lib
       memcpy_t2.asm.obj              156    0         0      
       copy_decompress_lzss.c.obj     104    0         0      
       autoinit.c.obj                 68     0         0      
       u_divt2.asm.obj                64     0         0      
       boot_cortex_m.c.obj            52     0         0      
       copy_zero_init.c.obj           28     0         0      
       copy_decompress_none.c.obj     14     0         0      
       exit.c.obj                     4      0         0      
       pre_init.c.obj                 4      0         0      
       div0.asm.obj                   2      0         0      
    +--+------------------------------+------+---------+---------+
       Total:                         496    0         0      
                                                              
       Stack:                         0      0         512    
       Linker Generated:              0      54        0      
    +--+------------------------------+------+---------+---------+
       Grand Total:                   3768   1098      545    


LINKER GENERATED COPY TABLES

__TI_cinit_table @ 000012f8 records: 2, size/record: 8, table size: 16
	.data: load addr=000012d0, load size=00000012 bytes, run addr=20000200, run size=00000011 bytes, compression=lzss
	.bss: load addr=000012f0, load size=00000008 bytes, run addr=20000214, run size=00000010 bytes, compression=zero_init


LINKER GENERATED HANDLER TABLE

__TI_handler_table @ 000012e4 records: 3, size/record: 4, table size: 12
	index: 0, handler: __TI_decompress_lzss
	index: 1, handler: __TI_decompress_none
	index: 2, handler: __TI_zero_init


GLOBAL SYMBOLS: SORTED ALPHABETICALLY BY Name 

address   name                          
-------   ----                          
00001125  C$$EXIT                       
20000214  CARGA                         
2000020c  CHARS                         
000010cd  CPUcpsie                      
00000f65  GPIODirModeSet                
0000090d  GPIOPadConfigSet              
00000db1  GPIOPinConfigure              
0000100b  GPIOPinTypeGPIOOutput         
0000104d  GPIOPinTypePWM                
0000105f  GPIOPinTypeUART               
00000ce1  IntEnable                     
00001083  IntMasterEnable               
20000204  POTENCIA                      
20000218  PWMCLOCK                      
00000829  PWMConfig                     
00000f8f  PWMGenConfigure               
000010d9  PWMGenEnable                  
00001093  PWMGenPeriodSet               
00001071  PWMOutputState                
00000fd1  PWMPulseWidthSet              
2000021c  RX                            
000010e5  ResetISR                      
20000208  SERVO1                        
20000209  SERVO2                        
00000a41  SysCtlClockGet                
00000b51  SysCtlClockSet                
00001117  SysCtlDelay                   
00001025  SysCtlPWMClockSet             
00000efd  SysCtlPeripheralEnable        
00000ec5  SysCtlPeripheralPresent       
000010f1  UARTCharGet                   
000010a3  UARTCharGetNonBlocking        
000010fb  UARTCharPut                   
000010b1  UARTCharsAvail                
00000df9  UARTConfigSetExpClk           
00000fb1  UARTDisable                   
00001039  UARTEnable                    
0000111d  UARTIntClear                  
0000110f  UARTIntEnable                 
000006f7  UARTIntHandler                
00001105  UARTIntStatus                 
0000026d  UARTStdioConfig               
000003b3  UARTgetc                      
000002f9  UARTgets                      
000006d3  UARTprintf                    
000003d9  UARTvprintf                   
000002b3  UARTwrite                     
20000200  __STACK_END                   
00000200  __STACK_SIZE                  
20000200  __STACK_TOP                   
000012f8  __TI_CINIT_Base               
00001308  __TI_CINIT_Limit              
000012e4  __TI_Handler_Table_Base       
000012f0  __TI_Handler_Table_Limit      
00000e41  __TI_auto_init_nobinit_nopinit
00000d49  __TI_decompress_lzss          
000010bf  __TI_decompress_none          
ffffffff  __TI_pprof_out_hndl           
ffffffff  __TI_prof_data_size           
ffffffff  __TI_prof_data_start          
00000000  __TI_static_base__            
00000fef  __TI_zero_init_nomemset       
00000a3f  __aeabi_idiv0                 
00000a3f  __aeabi_ldiv0                 
00000c45  __aeabi_memcpy                
00000c45  __aeabi_memcpy4               
00000c45  __aeabi_memcpy8               
00000e85  __aeabi_uidiv                 
00000e85  __aeabi_uidivmod              
ffffffff  __binit__                     
ffffffff  __c_args__                    
UNDEFED   __mpu_init                    
20000000  __stack                       
20000000  __start___llvm_prf_cnts       
20000000  __stop___llvm_prf_cnts        
00000f31  _c_int00_noargs               
UNDEFED   _system_post_cinit            
00001121  _system_pre_init              
00001125  abort                         
ffffffff  binit                         
00000000  g_pfnVectors                  
0000078f  main                          
00000c45  memcpy                        
20000220  ui32Status                    


GLOBAL SYMBOLS: SORTED BY Symbol Address 

address   name                          
-------   ----                          
00000000  __TI_static_base__            
00000000  g_pfnVectors                  
00000200  __STACK_SIZE                  
0000026d  UARTStdioConfig               
000002b3  UARTwrite                     
000002f9  UARTgets                      
000003b3  UARTgetc                      
000003d9  UARTvprintf                   
000006d3  UARTprintf                    
000006f7  UARTIntHandler                
0000078f  main                          
00000829  PWMConfig                     
0000090d  GPIOPadConfigSet              
00000a3f  __aeabi_idiv0                 
00000a3f  __aeabi_ldiv0                 
00000a41  SysCtlClockGet                
00000b51  SysCtlClockSet                
00000c45  __aeabi_memcpy                
00000c45  __aeabi_memcpy4               
00000c45  __aeabi_memcpy8               
00000c45  memcpy                        
00000ce1  IntEnable                     
00000d49  __TI_decompress_lzss          
00000db1  GPIOPinConfigure              
00000df9  UARTConfigSetExpClk           
00000e41  __TI_auto_init_nobinit_nopinit
00000e85  __aeabi_uidiv                 
00000e85  __aeabi_uidivmod              
00000ec5  SysCtlPeripheralPresent       
00000efd  SysCtlPeripheralEnable        
00000f31  _c_int00_noargs               
00000f65  GPIODirModeSet                
00000f8f  PWMGenConfigure               
00000fb1  UARTDisable                   
00000fd1  PWMPulseWidthSet              
00000fef  __TI_zero_init_nomemset       
0000100b  GPIOPinTypeGPIOOutput         
00001025  SysCtlPWMClockSet             
00001039  UARTEnable                    
0000104d  GPIOPinTypePWM                
0000105f  GPIOPinTypeUART               
00001071  PWMOutputState                
00001083  IntMasterEnable               
00001093  PWMGenPeriodSet               
000010a3  UARTCharGetNonBlocking        
000010b1  UARTCharsAvail                
000010bf  __TI_decompress_none          
000010cd  CPUcpsie                      
000010d9  PWMGenEnable                  
000010e5  ResetISR                      
000010f1  UARTCharGet                   
000010fb  UARTCharPut                   
00001105  UARTIntStatus                 
0000110f  UARTIntEnable                 
00001117  SysCtlDelay                   
0000111d  UARTIntClear                  
00001121  _system_pre_init              
00001125  C$$EXIT                       
00001125  abort                         
000012e4  __TI_Handler_Table_Base       
000012f0  __TI_Handler_Table_Limit      
000012f8  __TI_CINIT_Base               
00001308  __TI_CINIT_Limit              
20000000  __stack                       
20000000  __start___llvm_prf_cnts       
20000000  __stop___llvm_prf_cnts        
20000200  __STACK_END                   
20000200  __STACK_TOP                   
20000204  POTENCIA                      
20000208  SERVO1                        
20000209  SERVO2                        
2000020c  CHARS                         
20000214  CARGA                         
20000218  PWMCLOCK                      
2000021c  RX                            
20000220  ui32Status                    
ffffffff  __TI_pprof_out_hndl           
ffffffff  __TI_prof_data_size           
ffffffff  __TI_prof_data_start          
ffffffff  __binit__                     
ffffffff  __c_args__                    
ffffffff  binit                         
UNDEFED   __mpu_init                    
UNDEFED   _system_post_cinit            

[84 symbols]
